src/App.tsx(144,11): error TS2353: Object literal may only specify known properties, and 'titleClassName' does not exist in type 'ToastOptions'.
src/modules/finance/application/RecordExpense.ts(4,10): error TS6133: 'UnifiedExpenseDTO' is declared but its value is never read.
src/modules/finance/application/RecordExpense.ts(69,9): error TS2322: Type '{ amount: number; note: string; date: string; staff_expense_id: string | undefined; staff_id: string | undefined; }[]' is not assignable to type 'CostItem[]'.
  Type '{ amount: number; note: string; date: string; staff_expense_id: string | undefined; staff_id: string | undefined; }' is not assignable to type 'CostItem'.
    Types of property 'staff_id' are incompatible.
      Type 'string | undefined' is not assignable to type 'string'.
        Type 'undefined' is not assignable to type 'string'.
src/modules/inventory/application/__tests__/UpdateVehicle.test.ts(39,5): error TS2322: Type 'number' is not assignable to type 'string'.
src/modules/inventory/domain/VehicleSchema.ts(6,6): error TS6196: 'DBVehicle' is declared but never used.
